// Jest Snapshot v1, https://goo.gl/fbAQLP

exports[`files add code files 1`] = `
Object {
  "App.js": Object {
    "contents": "// whoop",
    "type": "CODE",
  },
}
`;

exports[`files adds initial file 1`] = `
Object {
  "App.js": Object {
    "contents": "// whoop",
    "type": "CODE",
  },
}
`;
